Archive member included to satisfy reference by file (symbol)

C:/PROGRA~2/Arm GNU Toolchain arm-none-eabi/13.2 Rel1/bin/../lib/gcc/arm-none-eabi/13.2.1/thumb/v7e-m+fp/hard\libc_nano.a(libc_a-exit.o)
                              C:/PROGRA~2/Arm GNU Toolchain arm-none-eabi/13.2 Rel1/bin/../lib/gcc/arm-none-eabi/13.2.1/thumb/v7e-m+fp/hard/crt0.o (exit)
C:/PROGRA~2/Arm GNU Toolchain arm-none-eabi/13.2 Rel1/bin/../lib/gcc/arm-none-eabi/13.2.1/thumb/v7e-m+fp/hard\libc_nano.a(libc_a-findfp.o)
                              C:/PROGRA~2/Arm GNU Toolchain arm-none-eabi/13.2 Rel1/bin/../lib/gcc/arm-none-eabi/13.2.1/thumb/v7e-m+fp/hard\libc_nano.a(libc_a-exit.o) (__stdio_exit_handler)
C:/PROGRA~2/Arm GNU Toolchain arm-none-eabi/13.2 Rel1/bin/../lib/gcc/arm-none-eabi/13.2.1/thumb/v7e-m+fp/hard\libc_nano.a(libc_a-fwalk.o)
                              C:/PROGRA~2/Arm GNU Toolchain arm-none-eabi/13.2 Rel1/bin/../lib/gcc/arm-none-eabi/13.2.1/thumb/v7e-m+fp/hard\libc_nano.a(libc_a-findfp.o) (_fwalk_sglue)
C:/PROGRA~2/Arm GNU Toolchain arm-none-eabi/13.2 Rel1/bin/../lib/gcc/arm-none-eabi/13.2.1/thumb/v7e-m+fp/hard\libc_nano.a(libc_a-stdio.o)
                              C:/PROGRA~2/Arm GNU Toolchain arm-none-eabi/13.2 Rel1/bin/../lib/gcc/arm-none-eabi/13.2.1/thumb/v7e-m+fp/hard\libc_nano.a(libc_a-findfp.o) (__sread)
C:/PROGRA~2/Arm GNU Toolchain arm-none-eabi/13.2 Rel1/bin/../lib/gcc/arm-none-eabi/13.2.1/thumb/v7e-m+fp/hard\libc_nano.a(libc_a-memset.o)
                              C:/PROGRA~2/Arm GNU Toolchain arm-none-eabi/13.2 Rel1/bin/../lib/gcc/arm-none-eabi/13.2.1/thumb/v7e-m+fp/hard/crt0.o (memset)
C:/PROGRA~2/Arm GNU Toolchain arm-none-eabi/13.2 Rel1/bin/../lib/gcc/arm-none-eabi/13.2.1/thumb/v7e-m+fp/hard\libc_nano.a(libc_a-closer.o)
                              C:/PROGRA~2/Arm GNU Toolchain arm-none-eabi/13.2 Rel1/bin/../lib/gcc/arm-none-eabi/13.2.1/thumb/v7e-m+fp/hard\libc_nano.a(libc_a-stdio.o) (_close_r)
C:/PROGRA~2/Arm GNU Toolchain arm-none-eabi/13.2 Rel1/bin/../lib/gcc/arm-none-eabi/13.2.1/thumb/v7e-m+fp/hard\libc_nano.a(libc_a-reent.o)
                              C:/PROGRA~2/Arm GNU Toolchain arm-none-eabi/13.2 Rel1/bin/../lib/gcc/arm-none-eabi/13.2.1/thumb/v7e-m+fp/hard\libc_nano.a(libc_a-closer.o) (errno)
C:/PROGRA~2/Arm GNU Toolchain arm-none-eabi/13.2 Rel1/bin/../lib/gcc/arm-none-eabi/13.2.1/thumb/v7e-m+fp/hard\libc_nano.a(libc_a-impure.o)
                              C:/PROGRA~2/Arm GNU Toolchain arm-none-eabi/13.2 Rel1/bin/../lib/gcc/arm-none-eabi/13.2.1/thumb/v7e-m+fp/hard\libc_nano.a(libc_a-reent.o) (_impure_ptr)
C:/PROGRA~2/Arm GNU Toolchain arm-none-eabi/13.2 Rel1/bin/../lib/gcc/arm-none-eabi/13.2.1/thumb/v7e-m+fp/hard\libc_nano.a(libc_a-lseekr.o)
                              C:/PROGRA~2/Arm GNU Toolchain arm-none-eabi/13.2 Rel1/bin/../lib/gcc/arm-none-eabi/13.2.1/thumb/v7e-m+fp/hard\libc_nano.a(libc_a-stdio.o) (_lseek_r)
C:/PROGRA~2/Arm GNU Toolchain arm-none-eabi/13.2 Rel1/bin/../lib/gcc/arm-none-eabi/13.2.1/thumb/v7e-m+fp/hard\libc_nano.a(libc_a-readr.o)
                              C:/PROGRA~2/Arm GNU Toolchain arm-none-eabi/13.2 Rel1/bin/../lib/gcc/arm-none-eabi/13.2.1/thumb/v7e-m+fp/hard\libc_nano.a(libc_a-stdio.o) (_read_r)
C:/PROGRA~2/Arm GNU Toolchain arm-none-eabi/13.2 Rel1/bin/../lib/gcc/arm-none-eabi/13.2.1/thumb/v7e-m+fp/hard\libc_nano.a(libc_a-writer.o)
                              C:/PROGRA~2/Arm GNU Toolchain arm-none-eabi/13.2 Rel1/bin/../lib/gcc/arm-none-eabi/13.2.1/thumb/v7e-m+fp/hard\libc_nano.a(libc_a-stdio.o) (_write_r)
C:/PROGRA~2/Arm GNU Toolchain arm-none-eabi/13.2 Rel1/bin/../lib/gcc/arm-none-eabi/13.2.1/thumb/v7e-m+fp/hard\libc_nano.a(libc_a-errno.o)
                              CMakeFiles/WET.dir/Src/sysmem.c.obj (__errno)
C:/PROGRA~2/Arm GNU Toolchain arm-none-eabi/13.2 Rel1/bin/../lib/gcc/arm-none-eabi/13.2.1/thumb/v7e-m+fp/hard\libc_nano.a(libc_a-init.o)
                              C:/PROGRA~2/Arm GNU Toolchain arm-none-eabi/13.2 Rel1/bin/../lib/gcc/arm-none-eabi/13.2.1/thumb/v7e-m+fp/hard/crt0.o (__libc_init_array)
C:/PROGRA~2/Arm GNU Toolchain arm-none-eabi/13.2 Rel1/bin/../lib/gcc/arm-none-eabi/13.2.1/thumb/v7e-m+fp/hard\libc_nano.a(libc_a-lock.o)
                              C:/PROGRA~2/Arm GNU Toolchain arm-none-eabi/13.2 Rel1/bin/../lib/gcc/arm-none-eabi/13.2.1/thumb/v7e-m+fp/hard\libc_nano.a(libc_a-findfp.o) (__retarget_lock_init_recursive)
C:/PROGRA~2/Arm GNU Toolchain arm-none-eabi/13.2 Rel1/bin/../lib/gcc/arm-none-eabi/13.2.1/thumb/v7e-m+fp/hard\libc_nano.a(libc_a-strlen.o)
                              CMakeFiles/WET.dir/Src/serial.cpp.obj (strlen)
C:/PROGRA~2/Arm GNU Toolchain arm-none-eabi/13.2 Rel1/bin/../lib/gcc/arm-none-eabi/13.2.1/thumb/v7e-m+fp/hard\libc_nano.a(libc_a-freer.o)
                              C:/PROGRA~2/Arm GNU Toolchain arm-none-eabi/13.2 Rel1/bin/../lib/gcc/arm-none-eabi/13.2.1/thumb/v7e-m+fp/hard\libc_nano.a(libc_a-reent.o) (_free_r)
[...]
Memory Configuration

Name             Origin             Length             Attributes
RAM              0x20000000         0x00003000         xrw
CCMRAM           0x10000000         0x00001000         xrw
FLASH            0x08000000         0x00010000         xr
*default*        0x00000000         0xffffffff

Linker script and memory map

LOAD C:/PROGRA~2/Arm GNU Toolchain arm-none-eabi/13.2 Rel1/bin/../lib/gcc/arm-none-eabi/13.2.1/thumb/v7e-m+fp/hard/crti.o
LOAD C:/PROGRA~2/Arm GNU Toolchain arm-none-eabi/13.2 Rel1/bin/../lib/gcc/arm-none-eabi/13.2.1/thumb/v7e-m+fp/hard/crtbegin.o
LOAD C:/PROGRA~2/Arm GNU Toolchain arm-none-eabi/13.2 Rel1/bin/../lib/gcc/arm-none-eabi/13.2.1/thumb/v7e-m+fp/hard/crt0.o
START GROUP
END GROUP
START GROUP
LOAD C:/PROGRA~2/Arm GNU Toolchain arm-none-eabi/13.2 Rel1/bin/../lib/gcc/arm-none-eabi/13.2.1/thumb/v7e-m+fp/hard\libstdc++_nano.a
LOAD C:/PROGRA~2/Arm GNU Toolchain arm-none-eabi/13.2 Rel1/bin/../lib/gcc/arm-none-eabi/13.2.1/thumb/v7e-m+fp/hard\libsupc++_nano.a
END GROUP
LOAD cmake/stm32cubemx/CMakeFiles/STM32_Drivers.dir/__/__/Src/system_stm32f3xx.c.obj
LOAD cmake/stm32cubemx/CMakeFiles/STM32_Drivers.dir/__/__/Drivers/STM32F3xx_HAL_Driver/Src/stm32f3xx_hal_uart.c.obj
LOAD cmake/stm32cubemx/CMakeFiles/STM32_Drivers.dir/__/__/Drivers/STM32F3xx_HAL_Driver/Src/stm32f3xx_hal_uart_ex.c.obj
LOAD cmake/stm32cubemx/CMakeFiles/STM32_Drivers.dir/__/__/Drivers/STM32F3xx_HAL_Driver/Src/stm32f3xx_hal.c.obj
LOAD cmake/stm32cubemx/CMakeFiles/STM32_Drivers.dir/__/__/Drivers/STM32F3xx_HAL_Driver/Src/stm32f3xx_hal_rcc.c.obj
LOAD cmake/stm32cubemx/CMakeFiles/STM32_Drivers.dir/__/__/Drivers/STM32F3xx_HAL_Driver/Src/stm32f3xx_hal_rcc_ex.c.obj
LOAD cmake/stm32cubemx/CMakeFiles/STM32_Drivers.dir/__/__/Drivers/STM32F3xx_HAL_Driver/Src/stm32f3xx_hal_gpio.c.obj
LOAD cmake/stm32cubemx/CMakeFiles/STM32_Drivers.dir/__/__/Drivers/STM32F3xx_HAL_Driver/Src/stm32f3xx_hal_dma.c.obj
LOAD cmake/stm32cubemx/CMakeFiles/STM32_Drivers.dir/__/__/Drivers/STM32F3xx_HAL_Driver/Src/stm32f3xx_hal_cortex.c.obj
LOAD cmake/stm32cubemx/CMakeFiles/STM32_Drivers.dir/__/__/Drivers/STM32F3xx_HAL_Driver/Src/stm32f3xx_hal_pwr.c.obj
LOAD cmake/stm32cubemx/CMakeFiles/STM32_Drivers.dir/__/__/Drivers/STM32F3xx_HAL_Driver/Src/stm32f3xx_hal_pwr_ex.c.obj
LOAD cmake/stm32cubemx/CMakeFiles/STM32_Drivers.dir/__/__/Drivers/STM32F3xx_HAL_Driver/Src/stm32f3xx_hal_flash.c.obj
LOAD cmake/stm32cubemx/CMakeFiles/STM32_Drivers.dir/__/__/Drivers/STM32F3xx_HAL_Driver/Src/stm32f3xx_hal_flash_ex.c.obj
LOAD cmake/stm32cubemx/CMakeFiles/STM32_Drivers.dir/__/__/Drivers/STM32F3xx_HAL_Driver/Src/stm32f3xx_hal_i2c.c.obj
LOAD cmake/stm32cubemx/CMakeFiles/STM32_Drivers.dir/__/__/Drivers/STM32F3xx_HAL_Driver/Src/stm32f3xx_hal_i2c_ex.c.obj
LOAD cmake/stm32cubemx/CMakeFiles/STM32_Drivers.dir/__/__/Drivers/STM32F3xx_HAL_Driver/Src/stm32f3xx_hal_exti.c.obj
LOAD CMakeFiles/WET.dir/Src/main.c.obj
LOAD CMakeFiles/WET.dir/Src/gpio.c.obj
LOAD CMakeFiles/WET.dir/Src/usart.c.obj
LOAD CMakeFiles/WET.dir/Src/stm32f3xx_it.c.obj
LOAD CMakeFiles/WET.dir/Src/stm32f3xx_hal_msp.c.obj
LOAD CMakeFiles/WET.dir/Src/sysmem.c.obj
LOAD CMakeFiles/WET.dir/Src/syscalls.c.obj
LOAD CMakeFiles/WET.dir/startup_stm32f303x8.s.obj
LOAD CMakeFiles/WET.dir/Src/app.cpp.obj
LOAD CMakeFiles/WET.dir/Src/serial.cpp.obj
LOAD C:/PROGRA~2/Arm GNU Toolchain arm-none-eabi/13.2 Rel1/bin/../lib/gcc/arm-none-eabi/13.2.1/thumb/v7e-m+fp/hard\libstdc++_nano.a
LOAD C:/PROGRA~2/Arm GNU Toolchain arm-none-eabi/13.2 Rel1/bin/../lib/gcc/arm-none-eabi/13.2.1/thumb/v7e-m+fp/hard\libm.a
LOAD C:/PROGRA~2/Arm GNU Toolchain arm-none-eabi/13.2 Rel1/bin/../lib/gcc/arm-none-eabi/13.2.1/thumb/v7e-m+fp/hard\libc_nano.a
START GROUP
LOAD C:/PROGRA~2/Arm GNU Toolchain arm-none-eabi/13.2 Rel1/bin/../lib/gcc/arm-none-eabi/13.2.1/thumb/v7e-m+fp/hard\libgcc.a
LOAD C:/PROGRA~2/Arm GNU Toolchain arm-none-eabi/13.2 Rel1/bin/../lib/gcc/arm-none-eabi/13.2.1/thumb/v7e-m+fp/hard\libg_nano.a
LOAD C:/PROGRA~2/Arm GNU Toolchain arm-none-eabi/13.2 Rel1/bin/../lib/gcc/arm-none-eabi/13.2.1/thumb/v7e-m+fp/hard\libc_nano.a
END GROUP
START GROUP
LOAD C:/PROGRA~2/Arm GNU Toolchain arm-none-eabi/13.2 Rel1/bin/../lib/gcc/arm-none-eabi/13.2.1/thumb/v7e-m+fp/hard\libgcc.a
LOAD C:/PROGRA~2/Arm GNU Toolchain arm-none-eabi/13.2 Rel1/bin/../lib/gcc/arm-none-eabi/13.2.1/thumb/v7e-m+fp/hard\libc_nano.a
END GROUP
LOAD C:/PROGRA~2/Arm GNU Toolchain arm-none-eabi/13.2 Rel1/bin/../lib/gcc/arm-none-eabi/13.2.1/thumb/v7e-m+fp/hard/crtend.o
LOAD C:/PROGRA~2/Arm GNU Toolchain arm-none-eabi/13.2 Rel1/bin/../lib/gcc/arm-none-eabi/13.2.1/thumb/v7e-m+fp/hard/crtn.o
                0x20003000                        _estack = (ORIGIN (RAM) + LENGTH (RAM))
                0x00000200                        _Min_Heap_Size = 0x200
                0x00000400                        _Min_Stack_Size = 0x400

.isr_vector     0x08000000      0x188
                0x08000000                        . = ALIGN (0x4)
 *(.isr_vector)
 .isr_vector    0x08000000      0x188 CMakeFiles/WET.dir/startup_stm32f303x8.s.obj
                0x08000000                g_pfnVectors
                0x08000188                        . = ALIGN (0x4)

.text           0x08000188     0x2c24
                0x08000188                        . = ALIGN (0x4)
 *(.text)
 .text          0x08000188       0x10 C:/PROGRA~2/Arm GNU Toolchain arm-none-eabi/13.2 Rel1/bin/../lib/gcc/arm-none-eabi/13.2.1/thumb/v7e-m+fp/hard\libc_nano.a(libc_a-strlen.o)
                0x08000188                strlen
 *(.text*)
 .text.deregister_tm_clones
                0x08000198       0x1c C:/PROGRA~2/Arm GNU Toolchain arm-none-eabi/13.2 Rel1/bin/../lib/gcc/arm-none-eabi/13.2.1/thumb/v7e-m+fp/hard/crtbegin.o
 .text.register_tm_clones
                0x080001b4       0x24 C:/PROGRA~2/Arm GNU Toolchain arm-none-eabi/13.2 Rel1/bin/../lib/gcc/arm-none-eabi/13.2.1/thumb/v7e-m+fp/hard/crtbegin.o
 .text.__do_global_dtors_aux
                0x080001d8       0x28 C:/PROGRA~2/Arm GNU Toolchain arm-none-eabi/13.2 Rel1/bin/../lib/gcc/arm-none-eabi/13.2.1/thumb/v7e-m+fp/hard/crtbegin.o
 .text.frame_dummy
                0x08000200       0x24 C:/PROGRA~2/Arm GNU Toolchain arm-none-eabi/13.2 Rel1/bin/../lib/gcc/arm-none-eabi/13.2.1/thumb/v7e-m+fp/hard/crtbegin.o
 .text.SystemInit
                0x08000224       0x24 cmake/stm32cubemx/CMakeFiles/STM32_Drivers.dir/__/__/Src/system_stm32f3xx.c.obj
                0x08000224                SystemInit
 .text.HAL_UART_Init
                0x08000248       0x9c cmake/stm32cubemx/CMakeFiles/STM32_Drivers.dir/__/__/Drivers/STM32F3xx_HAL_Driver/Src/stm32f3xx_hal_uart.c.obj
                0x08000248                HAL_UART_Init
 .text.HAL_UART_Transmit
                0x080002e4      0x112 cmake/stm32cubemx/CMakeFiles/STM32_Drivers.dir/__/__/Drivers/STM32F3xx_HAL_Driver/Src/stm32f3xx_hal_uart.c.obj
                0x080002e4                HAL_UART_Transmit
 *fill*         0x080003f6        0x2 
 .text.UART_SetConfig
                0x080003f8      0x26c cmake/stm32cubemx/CMakeFiles/STM32_Drivers.dir/__/__/Drivers/STM32F3xx_HAL_Driver/Src/stm32f3xx_hal_uart.c.obj
                0x080003f8                UART_SetConfig
 .text.UART_AdvFeatureConfig
                0x08000664      0x144 cmake/stm32cubemx/CMakeFiles/STM32_Drivers.dir/__/__/Drivers/STM32F3xx_HAL_Driver/Src/stm32f3xx_hal_uart.c.obj
                0x08000664                UART_AdvFeatureConfig
 .text.UART_CheckIdleState
                0x080007a8      0x150 cmake/stm32cubemx/CMakeFiles/STM32_Drivers.dir/__/__/Drivers/STM32F3xx_HAL_Driver/Src/stm32f3xx_hal_uart.c.obj
                0x080007a8                UART_CheckIdleState
 .text.UART_WaitOnFlagUntilTimeout
                0x080008f8       0xda cmake/stm32cubemx/CMakeFiles/STM32_Drivers.dir/__/__/Drivers/STM32F3xx_HAL_Driver/Src/stm32f3xx_hal_uart.c.obj
                0x080008f8                UART_WaitOnFlagUntilTimeout
 .text.UART_EndRxTransfer
                0x080009d2       0xc8 cmake/stm32cubemx/CMakeFiles/STM32_Drivers.dir/__/__/Drivers/STM32F3xx_HAL_Driver/Src/stm32f3xx_hal_uart.c.obj
 *fill*         0x08000a9a        0x2 
 .text.HAL_Init
                0x08000a9c       0x2c cmake/stm32cubemx/CMakeFiles/STM32_Drivers.dir/__/__/Drivers/STM32F3xx_HAL_Driver/Src/stm32f3xx_hal.c.obj
                0x08000a9c                HAL_Init
 .text.HAL_InitTick
                0x08000ac8       0x60 cmake/stm32cubemx/CMakeFiles/STM32_Drivers.dir/__/__/Drivers/STM32F3xx_HAL_Driver/Src/stm32f3xx_hal.c.obj
                0x08000ac8                HAL_InitTick
 .text.HAL_IncTick
                0x08000b28       0x28 cmake/stm32cubemx/CMakeFiles/STM32_Drivers.dir/__/__/Drivers/STM32F3xx_HAL_Driver/Src/stm32f3xx_hal.c.obj
                0x08000b28                HAL_IncTick
 .text.HAL_GetTick
                0x08000b50       0x18 cmake/stm32cubemx/CMakeFiles/STM32_Drivers.dir/__/__/Drivers/STM32F3xx_HAL_Driver/Src/stm32f3xx_hal.c.obj
                0x08000b50                HAL_GetTick
 .text.HAL_Delay
                0x08000b68       0x48 cmake/stm32cubemx/CMakeFiles/STM32_Drivers.dir/__/__/Drivers/STM32F3xx_HAL_Driver/Src/stm32f3xx_hal.c.obj
                0x08000b68                HAL_Delay
 .text.HAL_RCC_OscConfig
                0x08000bb0     0x101c cmake/stm32cubemx/CMakeFiles/STM32_Drivers.dir/__/__/Drivers/STM32F3xx_HAL_Driver/Src/stm32f3xx_hal_rcc.c.obj
                0x08000bb0                HAL_RCC_OscConfig
 .text.HAL_RCC_ClockConfig
                0x08001bcc      0x2dc cmake/stm32cubemx/CMakeFiles/STM32_Drivers.dir/__/__/Drivers/STM32F3xx_HAL_Driver/Src/stm32f3xx_hal_rcc.c.obj
                0x08001bcc                HAL_RCC_ClockConfig
 .text.HAL_RCC_GetSysClockFreq
                0x08001ea8       0xa8 cmake/stm32cubemx/CMakeFiles/STM32_Drivers.dir/__/__/Drivers/STM32F3xx_HAL_Driver/Src/stm32f3xx_hal_rcc.c.obj
                0x08001ea8                HAL_RCC_GetSysClockFreq
 .text.HAL_RCC_GetHCLKFreq
                0x08001f50       0x18 cmake/stm32cubemx/CMakeFiles/STM32_Drivers.dir/__/__/Drivers/STM32F3xx_HAL_Driver/Src/stm32f3xx_hal_rcc.c.obj
                0x08001f50                HAL_RCC_GetHCLKFreq
 .text.HAL_RCC_GetPCLK1Freq
                0x08001f68       0x44 cmake/stm32cubemx/CMakeFiles/STM32_Drivers.dir/__/__/Drivers/STM32F3xx_HAL_Driver/Src/stm32f3xx_hal_rcc.c.obj
                0x08001f68                HAL_RCC_GetPCLK1Freq
 .text.HAL_RCC_GetPCLK2Freq
                0x08001fac       0x44 cmake/stm32cubemx/CMakeFiles/STM32_Drivers.dir/__/__/Drivers/STM32F3xx_HAL_Driver/Src/stm32f3xx_hal_rcc.c.obj
                0x08001fac                HAL_RCC_GetPCLK2Freq
 .text.HAL_RCCEx_PeriphCLKConfig
                0x08001ff0      0x248 cmake/stm32cubemx/CMakeFiles/STM32_Drivers.dir/__/__/Drivers/STM32F3xx_HAL_Driver/Src/stm32f3xx_hal_rcc_ex.c.obj
                0x08001ff0                HAL_RCCEx_PeriphCLKConfig
 .text.HAL_GPIO_Init
                0x08002238      0x2e4 cmake/stm32cubemx/CMakeFiles/STM32_Drivers.dir/__/__/Drivers/STM32F3xx_HAL_Driver/Src/stm32f3xx_hal_gpio.c.obj
                0x08002238                HAL_GPIO_Init
 .text.__NVIC_SetPriorityGrouping
                0x0800251c       0x48 cmake/stm32cubemx/CMakeFiles/STM32_Drivers.dir/__/__/Drivers/STM32F3xx_HAL_Driver/Src/stm32f3xx_hal_cortex.c.obj
 .text.__NVIC_GetPriorityGrouping
                0x08002564       0x1c cmake/stm32cubemx/CMakeFiles/STM32_Drivers.dir/__/__/Drivers/STM32F3xx_HAL_Driver/Src/stm32f3xx_hal_cortex.c.obj
 .text.__NVIC_SetPriority
                0x08002580       0x54 cmake/stm32cubemx/CMakeFiles/STM32_Drivers.dir/__/__/Drivers/STM32F3xx_HAL_Driver/Src/stm32f3xx_hal_cortex.c.obj
 .text.NVIC_EncodePriority
                0x080025d4       0x66 cmake/stm32cubemx/CMakeFiles/STM32_Drivers.dir/__/__/Drivers/STM32F3xx_HAL_Driver/Src/stm32f3xx_hal_cortex.c.obj
 *fill*         0x0800263a        0x2 
 .text.SysTick_Config
                0x0800263c       0x44 cmake/stm32cubemx/CMakeFiles/STM32_Drivers.dir/__/__/Drivers/STM32F3xx_HAL_Driver/Src/stm32f3xx_hal_cortex.c.obj
 .text.HAL_NVIC_SetPriorityGrouping
                0x08002680       0x16 cmake/stm32cubemx/CMakeFiles/STM32_Drivers.dir/__/__/Drivers/STM32F3xx_HAL_Driver/Src/stm32f3xx_hal_cortex.c.obj
                0x08002680                HAL_NVIC_SetPriorityGrouping
 .text.HAL_NVIC_SetPriority
                0x08002696       0x38 cmake/stm32cubemx/CMakeFiles/STM32_Drivers.dir/__/__/Drivers/STM32F3xx_HAL_Driver/Src/stm32f3xx_hal_cortex.c.obj
                0x08002696                HAL_NVIC_SetPriority
 .text.HAL_SYSTICK_Config
                0x080026ce       0x18 cmake/stm32cubemx/CMakeFiles/STM32_Drivers.dir/__/__/Drivers/STM32F3xx_HAL_Driver/Src/stm32f3xx_hal_cortex.c.obj
                0x080026ce                HAL_SYSTICK_Config
 .text.main     0x080026e6       0x20 CMakeFiles/WET.dir/Src/main.c.obj
                0x080026e6                main
 .text.SystemClock_Config
                0x08002706       0xa4 CMakeFiles/WET.dir/Src/main.c.obj
                0x08002706                SystemClock_Config
 .text.Error_Handler
                0x080027aa        0xc CMakeFiles/WET.dir/Src/main.c.obj
                0x080027aa                Error_Handler
 *fill*         0x080027b6        0x2 
 .text.MX_GPIO_Init
                0x080027b8       0x48 CMakeFiles/WET.dir/Src/gpio.c.obj
                0x080027b8                MX_GPIO_Init
 .text.MX_USART1_UART_Init
                0x08002800       0x60 CMakeFiles/WET.dir/Src/usart.c.obj
                0x08002800                MX_USART1_UART_Init
 .text.MX_USART2_UART_Init
                0x08002860       0x60 CMakeFiles/WET.dir/Src/usart.c.obj
                0x08002860                MX_USART2_UART_Init
 .text.HAL_UART_MspInit
                0x080028c0       0xec CMakeFiles/WET.dir/Src/usart.c.obj
                0x080028c0                HAL_UART_MspInit
 .text.NMI_Handler
                0x080029ac        0x8 CMakeFiles/WET.dir/Src/stm32f3xx_it.c.obj
                0x080029ac                NMI_Handler
 .text.HardFault_Handler
                0x080029b4        0x8 CMakeFiles/WET.dir/Src/stm32f3xx_it.c.obj
                0x080029b4                HardFault_Handler
 .text.MemManage_Handler
                0x080029bc        0x8 CMakeFiles/WET.dir/Src/stm32f3xx_it.c.obj
                0x080029bc                MemManage_Handler
 .text.BusFault_Handler
                0x080029c4        0x8 CMakeFiles/WET.dir/Src/stm32f3xx_it.c.obj
                0x080029c4                BusFault_Handler
 .text.UsageFault_Handler
                0x080029cc        0x8 CMakeFiles/WET.dir/Src/stm32f3xx_it.c.obj
                0x080029cc                UsageFault_Handler
 .text.SVC_Handler
                0x080029d4        0xe CMakeFiles/WET.dir/Src/stm32f3xx_it.c.obj
                0x080029d4                SVC_Handler
 .text.DebugMon_Handler
                0x080029e2        0xe CMakeFiles/WET.dir/Src/stm32f3xx_it.c.obj
                0x080029e2                DebugMon_Handler
 .text.PendSV_Handler
                0x080029f0        0xe CMakeFiles/WET.dir/Src/stm32f3xx_it.c.obj
                0x080029f0                PendSV_Handler
 .text.SysTick_Handler
                0x080029fe        0xc CMakeFiles/WET.dir/Src/stm32f3xx_it.c.obj
                0x080029fe                SysTick_Handler
 *fill*         0x08002a0a        0x2 
 .text.HAL_MspInit
                0x08002a0c       0x48 CMakeFiles/WET.dir/Src/stm32f3xx_hal_msp.c.obj
                0x08002a0c                HAL_MspInit
 .text.Reset_Handler
                0x08002a54       0x50 CMakeFiles/WET.dir/startup_stm32f303x8.s.obj
                0x08002a54                Reset_Handler
 .text.Default_Handler
                0x08002aa4        0x2 CMakeFiles/WET.dir/startup_stm32f303x8.s.obj
                0x08002aa4                RTC_Alarm_IRQHandler
                0x08002aa4                TIM1_CC_IRQHandler
                0x08002aa4                PVD_IRQHandler
                0x08002aa4                TAMP_STAMP_IRQHandler
                0x08002aa4                EXTI3_IRQHandler
                0x08002aa4                EXTI0_IRQHandler
                0x08002aa4                FPU_IRQHandler
                0x08002aa4                CAN_TX_IRQHandler
                0x08002aa4                TIM1_UP_TIM16_IRQHandler
                0x08002aa4                ADC1_2_IRQHandler
                0x08002aa4                SPI1_IRQHandler
                0x08002aa4                CAN_SCE_IRQHandler
                0x08002aa4                DMA1_Channel4_IRQHandler
                0x08002aa4                USART3_IRQHandler
                0x08002aa4                DMA1_Channel7_IRQHandler
                0x08002aa4                TIM7_DAC2_IRQHandler
                0x08002aa4                CAN_RX1_IRQHandler
                0x08002aa4                I2C1_EV_IRQHandler
                0x08002aa4                DMA1_Channel6_IRQHandler
                0x08002aa4                TIM3_IRQHandler
                0x08002aa4                RCC_IRQHandler
                0x08002aa4                DMA1_Channel1_IRQHandler
                0x08002aa4                Default_Handler
                0x08002aa4                EXTI15_10_IRQHandler
                0x08002aa4                COMP2_IRQHandler
                0x08002aa4                TIM6_DAC1_IRQHandler
                0x08002aa4                EXTI9_5_IRQHandler
                0x08002aa4                RTC_WKUP_IRQHandler
                0x08002aa4                DMA1_Channel5_IRQHandler
                0x08002aa4                EXTI4_IRQHandler
                0x08002aa4                TIM1_TRG_COM_TIM17_IRQHandler
                0x08002aa4                DMA1_Channel3_IRQHandler
                0x08002aa4                WWDG_IRQHandler
                0x08002aa4                TIM2_IRQHandler
                0x08002aa4                EXTI1_IRQHandler
                0x08002aa4                COMP4_6_IRQHandler
                0x08002aa4                USART2_IRQHandler
                0x08002aa4                DMA1_Channel2_IRQHandler
                0x08002aa4                FLASH_IRQHandler
                0x08002aa4                USART1_IRQHandler
                0x08002aa4                CAN_RX0_IRQHandler
                0x08002aa4                I2C1_ER_IRQHandler
                0x08002aa4                EXTI2_TSC_IRQHandler
                0x08002aa4                TIM1_BRK_TIM15_IRQHandler
 *fill*         0x08002aa6        0x2 
 .text.setup    0x08002aa8       0x34 CMakeFiles/WET.dir/Src/app.cpp.obj
                0x08002aa8                setup
 .text._Z7my_itoaiPci
                0x08002adc      0x104 CMakeFiles/WET.dir/Src/serial.cpp.obj
                0x08002adc                my_itoa(int, char*, int)
 .text._Z18Serial_Printf_CharPcPKcSt9__va_list
                0x08002be0       0xfe CMakeFiles/WET.dir/Src/serial.cpp.obj
                0x08002be0                Serial_Printf_Char(char*, char const*, std::__va_list)
 *fill*         0x08002cde        0x2 
 .text.Serial_printf
                0x08002ce0       0x5c CMakeFiles/WET.dir/Src/serial.cpp.obj
                0x08002ce0                Serial_printf
 .text.memset   0x08002d3c       0x10 C:/PROGRA~2/Arm GNU Toolchain arm-none-eabi/13.2 Rel1/bin/../lib/gcc/arm-none-eabi/13.2.1/thumb/v7e-m+fp/hard\libc_nano.a(libc_a-memset.o)
                0x08002d3c                memset
 .text.__libc_init_array
                0x08002d4c       0x48 C:/PROGRA~2/Arm GNU Toolchain arm-none-eabi/13.2 Rel1/bin/../lib/gcc/arm-none-eabi/13.2.1/thumb/v7e-m+fp/hard\libc_nano.a(libc_a-init.o)
                0x08002d4c                __libc_init_array
 *(.glue_7)
 .glue_7        0x08002d94        0x0 linker stubs
 *(.glue_7t)
 .glue_7t       0x08002d94        0x0 linker stubs
 *(.eh_frame)
 .eh_frame      0x08002d94        0x0 C:/PROGRA~2/Arm GNU Toolchain arm-none-eabi/13.2 Rel1/bin/../lib/gcc/arm-none-eabi/13.2.1/thumb/v7e-m+fp/hard/crtbegin.o
 *(.init)
 .init          0x08002d94        0x4 C:/PROGRA~2/Arm GNU Toolchain arm-none-eabi/13.2 Rel1/bin/../lib/gcc/arm-none-eabi/13.2.1/thumb/v7e-m+fp/hard/crti.o
                0x08002d94                _init
 .init          0x08002d98        0x8 C:/PROGRA~2/Arm GNU Toolchain arm-none-eabi/13.2 Rel1/bin/../lib/gcc/arm-none-eabi/13.2.1/thumb/v7e-m+fp/hard/crtn.o
 *(.fini)
 .fini          0x08002da0        0x4 C:/PROGRA~2/Arm GNU Toolchain arm-none-eabi/13.2 Rel1/bin/../lib/gcc/arm-none-eabi/13.2.1/thumb/v7e-m+fp/hard/crti.o
                0x08002da0                _fini
 .fini          0x08002da4        0x8 C:/PROGRA~2/Arm GNU Toolchain arm-none-eabi/13.2 Rel1/bin/../lib/gcc/arm-none-eabi/13.2.1/thumb/v7e-m+fp/hard/crtn.o
                0x08002dac                        . = ALIGN (0x4)
                0x08002dac                        _etext = .

.vfp11_veneer   0x08002dac        0x0
 .vfp11_veneer  0x08002dac        0x0 linker stubs

.v4_bx          0x08002dac        0x0
 .v4_bx         0x08002dac        0x0 linker stubs

.iplt           0x08002dac        0x0
 .iplt          0x08002dac        0x0 C:/PROGRA~2/Arm GNU Toolchain arm-none-eabi/13.2 Rel1/bin/../lib/gcc/arm-none-eabi/13.2.1/thumb/v7e-m+fp/hard/crtbegin.o

.rodata         0x08002dac       0x70
                0x08002dac                        . = ALIGN (0x4)
 *(.rodata)
 .rodata        0x08002dac       0x37 CMakeFiles/WET.dir/Src/app.cpp.obj
 *(.rodata*)
 *fill*         0x08002de3        0x1 
 .rodata.AHBPrescTable
                0x08002de4       0x10 cmake/stm32cubemx/CMakeFiles/STM32_Drivers.dir/__/__/Src/system_stm32f3xx.c.obj
                0x08002de4                AHBPrescTable
 .rodata.APBPrescTable
                0x08002df4        0x8 cmake/stm32cubemx/CMakeFiles/STM32_Drivers.dir/__/__/Src/system_stm32f3xx.c.obj
                0x08002df4                APBPrescTable
 .rodata.aPLLMULFactorTable
                0x08002dfc       0x10 cmake/stm32cubemx/CMakeFiles/STM32_Drivers.dir/__/__/Drivers/STM32F3xx_HAL_Driver/Src/stm32f3xx_hal_rcc.c.obj
 .rodata.aPredivFactorTable
                0x08002e0c       0x10 cmake/stm32cubemx/CMakeFiles/STM32_Drivers.dir/__/__/Drivers/STM32F3xx_HAL_Driver/Src/stm32f3xx_hal_rcc.c.obj
                0x08002e1c                        . = ALIGN (0x4)

.ARM.extab      0x08002e1c        0x0
                0x08002e1c                        . = ALIGN (0x4)
 *(.ARM.extab* .gnu.linkonce.armextab.*)
                0x08002e1c                        . = ALIGN (0x4)

.ARM            0x08002e1c        0x8
                0x08002e1c                        . = ALIGN (0x4)
                0x08002e1c                        __exidx_start = .
 *(.ARM.exidx*)
 .ARM.exidx     0x08002e1c        0x8 C:/PROGRA~2/Arm GNU Toolchain arm-none-eabi/13.2 Rel1/bin/../lib/gcc/arm-none-eabi/13.2.1/thumb/v7e-m+fp/hard\libc_nano.a(libc_a-strlen.o)
                0x08002e24                        __exidx_end = .
                0x08002e24                        . = ALIGN (0x4)

.preinit_array  0x08002e24        0x0
                0x08002e24                        . = ALIGN (0x4)
                0x08002e24                        PROVIDE (__preinit_array_start = .)
 *(.preinit_array*)
                0x08002e24                        PROVIDE (__preinit_array_end = .)
                0x08002e24                        . = ALIGN (0x4)

.init_array     0x08002e24        0x4
                0x08002e24                        . = ALIGN (0x4)
                0x08002e24                        PROVIDE (__init_array_start = .)
 *(SORT_BY_NAME(.init_array.*))
 *(.init_array*)
 .init_array    0x08002e24        0x4 C:/PROGRA~2/Arm GNU Toolchain arm-none-eabi/13.2 Rel1/bin/../lib/gcc/arm-none-eabi/13.2.1/thumb/v7e-m+fp/hard/crtbegin.o
                0x08002e28                        PROVIDE (__init_array_end = .)
                0x08002e28                        . = ALIGN (0x4)

.fini_array     0x08002e28        0x4
                0x08002e28                        . = ALIGN (0x4)
                [!provide]                        PROVIDE (__fini_array_start = .)
 *(SORT_BY_NAME(.fini_array.*))
 *(.fini_array*)
 .fini_array    0x08002e28        0x4 C:/PROGRA~2/Arm GNU Toolchain arm-none-eabi/13.2 Rel1/bin/../lib/gcc/arm-none-eabi/13.2.1/thumb/v7e-m+fp/hard/crtbegin.o
                [!provide]                        PROVIDE (__fini_array_end = .)
                0x08002e2c                        . = ALIGN (0x4)
                0x08002e2c                        _sidata = LOADADDR (.data)

.rel.dyn        0x08002e2c        0x0
 .rel.iplt      0x08002e2c        0x0 C:/PROGRA~2/Arm GNU Toolchain arm-none-eabi/13.2 Rel1/bin/../lib/gcc/arm-none-eabi/13.2.1/thumb/v7e-m+fp/hard/crtbegin.o

.data           0x20000000        0xc load address 0x08002e2c
                0x20000000                        . = ALIGN (0x4)
                0x20000000                        _sdata = .
 *(.data)
 *(.data*)
 .data.SystemCoreClock
                0x20000000        0x4 cmake/stm32cubemx/CMakeFiles/STM32_Drivers.dir/__/__/Src/system_stm32f3xx.c.obj
                0x20000000                SystemCoreClock
 .data.uwTickPrio
                0x20000004        0x4 cmake/stm32cubemx/CMakeFiles/STM32_Drivers.dir/__/__/Drivers/STM32F3xx_HAL_Driver/Src/stm32f3xx_hal.c.obj
                0x20000004                uwTickPrio
 .data.uwTickFreq
                0x20000008        0x1 cmake/stm32cubemx/CMakeFiles/STM32_Drivers.dir/__/__/Drivers/STM32F3xx_HAL_Driver/Src/stm32f3xx_hal.c.obj
                0x20000008                uwTickFreq
 *(.RamFunc)
 *(.RamFunc*)
                0x2000000c                        . = ALIGN (0x4)
 *fill*         0x20000009        0x3 
                0x2000000c                        _edata = .
                0x08002e38                        _siccmram = LOADADDR (.ccmram)

.tm_clone_table
                0x2000000c        0x0 load address 0x08002e38
 .tm_clone_table
                0x2000000c        0x0 C:/PROGRA~2/Arm GNU Toolchain arm-none-eabi/13.2 Rel1/bin/../lib/gcc/arm-none-eabi/13.2.1/thumb/v7e-m+fp/hard/crtbegin.o
 .tm_clone_table
                0x2000000c        0x0 C:/PROGRA~2/Arm GNU Toolchain arm-none-eabi/13.2 Rel1/bin/../lib/gcc/arm-none-eabi/13.2.1/thumb/v7e-m+fp/hard/crtend.o

.igot.plt       0x2000000c        0x0 load address 0x08002e38
 .igot.plt      0x2000000c        0x0 C:/PROGRA~2/Arm GNU Toolchain arm-none-eabi/13.2 Rel1/bin/../lib/gcc/arm-none-eabi/13.2.1/thumb/v7e-m+fp/hard/crtbegin.o

.ccmram         0x10000000        0x0 load address 0x08002e38
                0x10000000                        . = ALIGN (0x4)
                0x10000000                        _sccmram = .
 *(.ccmram)
 *(.ccmram*)
                0x10000000                        . = ALIGN (0x4)
                0x10000000                        _eccmram = .
                0x10000000                        . = ALIGN (0x4)

.bss            0x2000000c      0x130
                0x2000000c                        _sbss = .
                0x2000000c                        __bss_start__ = _sbss
 *(.bss)
 *(.bss*)
 .bss.completed.1
                0x2000000c        0x1 C:/PROGRA~2/Arm GNU Toolchain arm-none-eabi/13.2 Rel1/bin/../lib/gcc/arm-none-eabi/13.2.1/thumb/v7e-m+fp/hard/crtbegin.o
 *fill*         0x2000000d        0x3 
 .bss.object.0  0x20000010       0x18 C:/PROGRA~2/Arm GNU Toolchain arm-none-eabi/13.2 Rel1/bin/../lib/gcc/arm-none-eabi/13.2.1/thumb/v7e-m+fp/hard/crtbegin.o
 .bss.uwTick    0x20000028        0x4 cmake/stm32cubemx/CMakeFiles/STM32_Drivers.dir/__/__/Drivers/STM32F3xx_HAL_Driver/Src/stm32f3xx_hal.c.obj
                0x20000028                uwTick
 .bss.huart1    0x2000002c       0x88 CMakeFiles/WET.dir/Src/usart.c.obj
                0x2000002c                huart1
 .bss.huart2    0x200000b4       0x88 CMakeFiles/WET.dir/Src/usart.c.obj
                0x200000b4                huart2
 *(COMMON)
                0x2000013c                        . = ALIGN (0x4)
                0x2000013c                        _ebss = .
                0x2000013c                        __bss_end__ = _ebss

._user_heap_stack
                0x2000013c      0x604
                0x20000140                        . = ALIGN (0x8)
 *fill*         0x2000013c        0x4 
                [!provide]                        PROVIDE (end = .)
                0x20000140                        PROVIDE (_end = .)
                0x20000340                        . = (. + _Min_Heap_Size)
 *fill*         0x20000140      0x200 
                0x20000740                        . = (. + _Min_Stack_Size)
 *fill*         0x20000340      0x400 
                0x20000740                        . = ALIGN (0x8)
OUTPUT(WET.elf elf32-littlearm)
LOAD linker stubs

.ARM.attributes
                0x00000000       0x30
 .ARM.attributes
                0x00000000       0x22 C:/PROGRA~2/Arm GNU Toolchain arm-none-eabi/13.2 Rel1/bin/../lib/gcc/arm-none-eabi/13.2.1/thumb/v7e-m+fp/hard/crti.o
 .ARM.attributes
                0x00000022       0x34 C:/PROGRA~2/Arm GNU Toolchain arm-none-eabi/13.2 Rel1/bin/../lib/gcc/arm-none-eabi/13.2.1/thumb/v7e-m+fp/hard/crtbegin.o
 .ARM.attributes
                0x00000056       0x34 cmake/stm32cubemx/CMakeFiles/STM32_Drivers.dir/__/__/Src/system_stm32f3xx.c.obj
 .ARM.attributes
                0x0000008a       0x34 cmake/stm32cubemx/CMakeFiles/STM32_Drivers.dir/__/__/Drivers/STM32F3xx_HAL_Driver/Src/stm32f3xx_hal_uart.c.obj
 .ARM.attributes
                0x000000be       0x34 cmake/stm32cubemx/CMakeFiles/STM32_Drivers.dir/__/__/Drivers/STM32F3xx_HAL_Driver/Src/stm32f3xx_hal.c.obj
 .ARM.attributes
                0x000000f2       0x34 cmake/stm32cubemx/CMakeFiles/STM32_Drivers.dir/__/__/Drivers/STM32F3xx_HAL_Driver/Src/stm32f3xx_hal_rcc.c.obj
 .ARM.attributes
                0x00000126       0x34 cmake/stm32cubemx/CMakeFiles/STM32_Drivers.dir/__/__/Drivers/STM32F3xx_HAL_Driver/Src/stm32f3xx_hal_rcc_ex.c.obj
 .ARM.attributes
                0x0000015a       0x34 cmake/stm32cubemx/CMakeFiles/STM32_Drivers.dir/__/__/Drivers/STM32F3xx_HAL_Driver/Src/stm32f3xx_hal_gpio.c.obj
 .ARM.attributes
                0x0000018e       0x34 cmake/stm32cubemx/CMakeFiles/STM32_Drivers.dir/__/__/Drivers/STM32F3xx_HAL_Driver/Src/stm32f3xx_hal_cortex.c.obj
 .ARM.attributes
                0x000001c2       0x34 CMakeFiles/WET.dir/Src/main.c.obj
 .ARM.attributes
                0x000001f6       0x34 CMakeFiles/WET.dir/Src/gpio.c.obj
 .ARM.attributes
                0x0000022a       0x34 CMakeFiles/WET.dir/Src/usart.c.obj
 .ARM.attributes
                0x0000025e       0x34 CMakeFiles/WET.dir/Src/stm32f3xx_it.c.obj
 .ARM.attributes
                0x00000292       0x34 CMakeFiles/WET.dir/Src/stm32f3xx_hal_msp.c.obj
 .ARM.attributes
                0x000002c6       0x21 CMakeFiles/WET.dir/startup_stm32f303x8.s.obj
 .ARM.attributes
                0x000002e7       0x34 CMakeFiles/WET.dir/Src/app.cpp.obj
 .ARM.attributes
                0x0000031b       0x34 CMakeFiles/WET.dir/Src/serial.cpp.obj
 .ARM.attributes
                0x0000034f       0x34 C:/PROGRA~2/Arm GNU Toolchain arm-none-eabi/13.2 Rel1/bin/../lib/gcc/arm-none-eabi/13.2.1/thumb/v7e-m+fp/hard\libc_nano.a(libc_a-memset.o)
 .ARM.attributes
                0x00000383       0x34 C:/PROGRA~2/Arm GNU Toolchain arm-none-eabi/13.2 Rel1/bin/../lib/gcc/arm-none-eabi/13.2.1/thumb/v7e-m+fp/hard\libc_nano.a(libc_a-init.o)
 .ARM.attributes
                0x000003b7       0x17 C:/PROGRA~2/Arm GNU Toolchain arm-none-eabi/13.2 Rel1/bin/../lib/gcc/arm-none-eabi/13.2.1/thumb/v7e-m+fp/hard\libc_nano.a(libc_a-strlen.o)
 .ARM.attributes
                0x000003ce       0x34 C:/PROGRA~2/Arm GNU Toolchain arm-none-eabi/13.2 Rel1/bin/../lib/gcc/arm-none-eabi/13.2.1/thumb/v7e-m+fp/hard/crtend.o
 .ARM.attributes
                0x00000402       0x22 C:/PROGRA~2/Arm GNU Toolchain arm-none-eabi/13.2 Rel1/bin/../lib/gcc/arm-none-eabi/13.2.1/thumb/v7e-m+fp/hard/crtn.o

.comment        0x00000000       0x44
 .comment       0x00000000       0x44 cmake/stm32cubemx/CMakeFiles/STM32_Drivers.dir/__/__/Src/system_stm32f3xx.c.obj
                                 0x45 (size before relaxing)
 .comment       0x00000044       0x45 cmake/stm32cubemx/CMakeFiles/STM32_Drivers.dir/__/__/Drivers/STM32F3xx_HAL_Driver/Src/stm32f3xx_hal_uart.c.obj
 .comment       0x00000044       0x45 cmake/stm32cubemx/CMakeFiles/STM32_Drivers.dir/__/__/Drivers/STM32F3xx_HAL_Driver/Src/stm32f3xx_hal.c.obj
 .comment       0x00000044       0x45 cmake/stm32cubemx/CMakeFiles/STM32_Drivers.dir/__/__/Drivers/STM32F3xx_HAL_Driver/Src/stm32f3xx_hal_rcc.c.obj
 .comment       0x00000044       0x45 cmake/stm32cubemx/CMakeFiles/STM32_Drivers.dir/__/__/Drivers/STM32F3xx_HAL_Driver/Src/stm32f3xx_hal_rcc_ex.c.obj
 .comment       0x00000044       0x45 cmake/stm32cubemx/CMakeFiles/STM32_Drivers.dir/__/__/Drivers/STM32F3xx_HAL_Driver/Src/stm32f3xx_hal_gpio.c.obj
 .comment       0x00000044       0x45 cmake/stm32cubemx/CMakeFiles/STM32_Drivers.dir/__/__/Drivers/STM32F3xx_HAL_Driver/Src/stm32f3xx_hal_cortex.c.obj
 .comment       0x00000044       0x45 CMakeFiles/WET.dir/Src/main.c.obj
 .comment       0x00000044       0x45 CMakeFiles/WET.dir/Src/gpio.c.obj
 .comment       0x00000044       0x45 CMakeFiles/WET.dir/Src/usart.c.obj
 .comment       0x00000044       0x45 CMakeFiles/WET.dir/Src/stm32f3xx_it.c.obj
 .comment       0x00000044       0x45 CMakeFiles/WET.dir/Src/stm32f3xx_hal_msp.c.obj
 .comment       0x00000044       0x45 CMakeFiles/WET.dir/Src/app.cpp.obj
 .comment       0x00000044       0x45 CMakeFiles/WET.dir/Src/serial.cpp.obj

.debug_info     0x00000000     0x9232
 .debug_info    0x00000000      0x407 cmake/stm32cubemx/CMakeFiles/STM32_Drivers.dir/__/__/Src/system_stm32f3xx.c.obj
 .debug_info    0x00000407     0x39a8 cmake/stm32cubemx/CMakeFiles/STM32_Drivers.dir/__/__/Drivers/STM32F3xx_HAL_Driver/Src/stm32f3xx_hal_uart.c.obj
 .debug_info    0x00003daf      0x74a cmake/stm32cubemx/CMakeFiles/STM32_Drivers.dir/__/__/Drivers/STM32F3xx_HAL_Driver/Src/stm32f3xx_hal.c.obj
 .debug_info    0x000044f9     0x148a cmake/stm32cubemx/CMakeFiles/STM32_Drivers.dir/__/__/Drivers/STM32F3xx_HAL_Driver/Src/stm32f3xx_hal_rcc.c.obj
 .debug_info    0x00005983      0x52e cmake/stm32cubemx/CMakeFiles/STM32_Drivers.dir/__/__/Drivers/STM32F3xx_HAL_Driver/Src/stm32f3xx_hal_rcc_ex.c.obj
 .debug_info    0x00005eb1      0x6a6 cmake/stm32cubemx/CMakeFiles/STM32_Drivers.dir/__/__/Drivers/STM32F3xx_HAL_Driver/Src/stm32f3xx_hal_gpio.c.obj
 .debug_info    0x00006557      0xa87 cmake/stm32cubemx/CMakeFiles/STM32_Drivers.dir/__/__/Drivers/STM32F3xx_HAL_Driver/Src/stm32f3xx_hal_cortex.c.obj
 .debug_info    0x00006fde      0x349 CMakeFiles/WET.dir/Src/main.c.obj
 .debug_info    0x00007327      0x18d CMakeFiles/WET.dir/Src/gpio.c.obj
 .debug_info    0x000074b4      0x975 CMakeFiles/WET.dir/Src/usart.c.obj
 .debug_info    0x00007e29      0x113 CMakeFiles/WET.dir/Src/stm32f3xx_it.c.obj
 .debug_info    0x00007f3c      0x18d CMakeFiles/WET.dir/Src/stm32f3xx_hal_msp.c.obj
 .debug_info    0x000080c9       0x30 CMakeFiles/WET.dir/startup_stm32f303x8.s.obj
 .debug_info    0x000080f9       0xea CMakeFiles/WET.dir/Src/app.cpp.obj
 .debug_info    0x000081e3     0x104f CMakeFiles/WET.dir/Src/serial.cpp.obj

.debug_abbrev   0x00000000     0x193f
 .debug_abbrev  0x00000000      0x11a cmake/stm32cubemx/CMakeFiles/STM32_Drivers.dir/__/__/Src/system_stm32f3xx.c.obj
 .debug_abbrev  0x0000011a      0x2d1 cmake/stm32cubemx/CMakeFiles/STM32_Drivers.dir/__/__/Drivers/STM32F3xx_HAL_Driver/Src/stm32f3xx_hal_uart.c.obj
 .debug_abbrev  0x000003eb      0x215 cmake/stm32cubemx/CMakeFiles/STM32_Drivers.dir/__/__/Drivers/STM32F3xx_HAL_Driver/Src/stm32f3xx_hal.c.obj
 .debug_abbrev  0x00000600      0x300 cmake/stm32cubemx/CMakeFiles/STM32_Drivers.dir/__/__/Drivers/STM32F3xx_HAL_Driver/Src/stm32f3xx_hal_rcc.c.obj
 .debug_abbrev  0x00000900      0x221 cmake/stm32cubemx/CMakeFiles/STM32_Drivers.dir/__/__/Drivers/STM32F3xx_HAL_Driver/Src/stm32f3xx_hal_rcc_ex.c.obj
 .debug_abbrev  0x00000b21      0x1ca cmake/stm32cubemx/CMakeFiles/STM32_Drivers.dir/__/__/Drivers/STM32F3xx_HAL_Driver/Src/stm32f3xx_hal_gpio.c.obj
 .debug_abbrev  0x00000ceb      0x2f8 cmake/stm32cubemx/CMakeFiles/STM32_Drivers.dir/__/__/Drivers/STM32F3xx_HAL_Driver/Src/stm32f3xx_hal_cortex.c.obj
 .debug_abbrev  0x00000fe3      0x1aa CMakeFiles/WET.dir/Src/main.c.obj
 .debug_abbrev  0x0000118d       0xc6 CMakeFiles/WET.dir/Src/gpio.c.obj
 .debug_abbrev  0x00001253      0x1fb CMakeFiles/WET.dir/Src/usart.c.obj
 .debug_abbrev  0x0000144e       0x73 CMakeFiles/WET.dir/Src/stm32f3xx_it.c.obj
 .debug_abbrev  0x000014c1       0xc6 CMakeFiles/WET.dir/Src/stm32f3xx_hal_msp.c.obj
 .debug_abbrev  0x00001587       0x24 CMakeFiles/WET.dir/startup_stm32f303x8.s.obj
 .debug_abbrev  0x000015ab       0xa5 CMakeFiles/WET.dir/Src/app.cpp.obj
 .debug_abbrev  0x00001650      0x2ef CMakeFiles/WET.dir/Src/serial.cpp.obj

.debug_aranges  0x00000000      0x6e8
 .debug_aranges
                0x00000000       0x28 cmake/stm32cubemx/CMakeFiles/STM32_Drivers.dir/__/__/Src/system_stm32f3xx.c.obj
 .debug_aranges
                0x00000028      0x228 cmake/stm32cubemx/CMakeFiles/STM32_Drivers.dir/__/__/Drivers/STM32F3xx_HAL_Driver/Src/stm32f3xx_hal_uart.c.obj
 .debug_aranges
                0x00000250       0xe0 cmake/stm32cubemx/CMakeFiles/STM32_Drivers.dir/__/__/Drivers/STM32F3xx_HAL_Driver/Src/stm32f3xx_hal.c.obj
 .debug_aranges
                0x00000330       0x88 cmake/stm32cubemx/CMakeFiles/STM32_Drivers.dir/__/__/Drivers/STM32F3xx_HAL_Driver/Src/stm32f3xx_hal_rcc.c.obj
 .debug_aranges
                0x000003b8       0x38 cmake/stm32cubemx/CMakeFiles/STM32_Drivers.dir/__/__/Drivers/STM32F3xx_HAL_Driver/Src/stm32f3xx_hal_rcc_ex.c.obj
 .debug_aranges
                0x000003f0       0x58 cmake/stm32cubemx/CMakeFiles/STM32_Drivers.dir/__/__/Drivers/STM32F3xx_HAL_Driver/Src/stm32f3xx_hal_gpio.c.obj
 .debug_aranges
                0x00000448      0x100 cmake/stm32cubemx/CMakeFiles/STM32_Drivers.dir/__/__/Drivers/STM32F3xx_HAL_Driver/Src/stm32f3xx_hal_cortex.c.obj
 .debug_aranges
                0x00000548       0x30 CMakeFiles/WET.dir/Src/main.c.obj
 .debug_aranges
                0x00000578       0x20 CMakeFiles/WET.dir/Src/gpio.c.obj
 .debug_aranges
                0x00000598       0x38 CMakeFiles/WET.dir/Src/usart.c.obj
 .debug_aranges
                0x000005d0       0x60 CMakeFiles/WET.dir/Src/stm32f3xx_it.c.obj
 .debug_aranges
                0x00000630       0x20 CMakeFiles/WET.dir/Src/stm32f3xx_hal_msp.c.obj
 .debug_aranges
                0x00000650       0x28 CMakeFiles/WET.dir/startup_stm32f303x8.s.obj
 .debug_aranges
                0x00000678       0x20 CMakeFiles/WET.dir/Src/app.cpp.obj
 .debug_aranges
                0x00000698       0x50 CMakeFiles/WET.dir/Src/serial.cpp.obj

.debug_rnglists
                0x00000000      0x533
 .debug_rnglists
                0x00000000       0x1a cmake/stm32cubemx/CMakeFiles/STM32_Drivers.dir/__/__/Src/system_stm32f3xx.c.obj
 .debug_rnglists
                0x0000001a      0x1da cmake/stm32cubemx/CMakeFiles/STM32_Drivers.dir/__/__/Drivers/STM32F3xx_HAL_Driver/Src/stm32f3xx_hal_uart.c.obj
 .debug_rnglists
                0x000001f4       0xa3 cmake/stm32cubemx/CMakeFiles/STM32_Drivers.dir/__/__/Drivers/STM32F3xx_HAL_Driver/Src/stm32f3xx_hal.c.obj
 .debug_rnglists
                0x00000297       0x66 cmake/stm32cubemx/CMakeFiles/STM32_Drivers.dir/__/__/Drivers/STM32F3xx_HAL_Driver/Src/stm32f3xx_hal_rcc.c.obj
 .debug_rnglists
                0x000002fd       0x27 cmake/stm32cubemx/CMakeFiles/STM32_Drivers.dir/__/__/Drivers/STM32F3xx_HAL_Driver/Src/stm32f3xx_hal_rcc_ex.c.obj
 .debug_rnglists
                0x00000324       0x3f cmake/stm32cubemx/CMakeFiles/STM32_Drivers.dir/__/__/Drivers/STM32F3xx_HAL_Driver/Src/stm32f3xx_hal_gpio.c.obj
 .debug_rnglists
                0x00000363       0xbb cmake/stm32cubemx/CMakeFiles/STM32_Drivers.dir/__/__/Drivers/STM32F3xx_HAL_Driver/Src/stm32f3xx_hal_cortex.c.obj
 .debug_rnglists
                0x0000041e       0x20 CMakeFiles/WET.dir/Src/main.c.obj
 .debug_rnglists
                0x0000043e       0x13 CMakeFiles/WET.dir/Src/gpio.c.obj
 .debug_rnglists
                0x00000451       0x26 CMakeFiles/WET.dir/Src/usart.c.obj
 .debug_rnglists
                0x00000477       0x43 CMakeFiles/WET.dir/Src/stm32f3xx_it.c.obj
 .debug_rnglists
                0x000004ba       0x13 CMakeFiles/WET.dir/Src/stm32f3xx_hal_msp.c.obj
 .debug_rnglists
                0x000004cd       0x19 CMakeFiles/WET.dir/startup_stm32f303x8.s.obj
 .debug_rnglists
                0x000004e6       0x13 CMakeFiles/WET.dir/Src/app.cpp.obj
 .debug_rnglists
                0x000004f9       0x3a CMakeFiles/WET.dir/Src/serial.cpp.obj

.debug_macro    0x00000000    0x1cc6d
 .debug_macro   0x00000000      0x1b1 cmake/stm32cubemx/CMakeFiles/STM32_Drivers.dir/__/__/Src/system_stm32f3xx.c.obj
 .debug_macro   0x000001b1      0xad8 cmake/stm32cubemx/CMakeFiles/STM32_Drivers.dir/__/__/Src/system_stm32f3xx.c.obj
 .debug_macro   0x00000c89       0x2e cmake/stm32cubemx/CMakeFiles/STM32_Drivers.dir/__/__/Src/system_stm32f3xx.c.obj
 .debug_macro   0x00000cb7       0x28 cmake/stm32cubemx/CMakeFiles/STM32_Drivers.dir/__/__/Src/system_stm32f3xx.c.obj
 .debug_macro   0x00000cdf       0x22 cmake/stm32cubemx/CMakeFiles/STM32_Drivers.dir/__/__/Src/system_stm32f3xx.c.obj
 .debug_macro   0x00000d01       0x8e cmake/stm32cubemx/CMakeFiles/STM32_Drivers.dir/__/__/Src/system_stm32f3xx.c.obj
 .debug_macro   0x00000d8f       0x51 cmake/stm32cubemx/CMakeFiles/STM32_Drivers.dir/__/__/Src/system_stm32f3xx.c.obj
 .debug_macro   0x00000de0      0x103 cmake/stm32cubemx/CMakeFiles/STM32_Drivers.dir/__/__/Src/system_stm32f3xx.c.obj
 .debug_macro   0x00000ee3       0x6a cmake/stm32cubemx/CMakeFiles/STM32_Drivers.dir/__/__/Src/system_stm32f3xx.c.obj
 .debug_macro   0x00000f4d      0x1df cmake/stm32cubemx/CMakeFiles/STM32_Drivers.dir/__/__/Src/system_stm32f3xx.c.obj
 .debug_macro   0x0000112c       0x1c cmake/stm32cubemx/CMakeFiles/STM32_Drivers.dir/__/__/Src/system_stm32f3xx.c.obj
 .debug_macro   0x00001148       0x22 cmake/stm32cubemx/CMakeFiles/STM32_Drivers.dir/__/__/Src/system_stm32f3xx.c.obj
 .debug_macro   0x0000116a       0xd9 cmake/stm32cubemx/CMakeFiles/STM32_Drivers.dir/__/__/Src/system_stm32f3xx.c.obj
 .debug_macro   0x00001243      0xf07 cmake/stm32cubemx/CMakeFiles/STM32_Drivers.dir/__/__/Src/system_stm32f3xx.c.obj
 .debug_macro   0x0000214a    0x10be0 cmake/stm32cubemx/CMakeFiles/STM32_Drivers.dir/__/__/Src/system_stm32f3xx.c.obj
 .debug_macro   0x00012d2a       0x6d cmake/stm32cubemx/CMakeFiles/STM32_Drivers.dir/__/__/Src/system_stm32f3xx.c.obj
 .debug_macro   0x00012d97      0x158 cmake/stm32cubemx/CMakeFiles/STM32_Drivers.dir/__/__/Src/system_stm32f3xx.c.obj
 .debug_macro   0x00012eef     0x3574 cmake/stm32cubemx/CMakeFiles/STM32_Drivers.dir/__/__/Src/system_stm32f3xx.c.obj
 .debug_macro   0x00016463      0x190 cmake/stm32cubemx/CMakeFiles/STM32_Drivers.dir/__/__/Src/system_stm32f3xx.c.obj
 .debug_macro   0x000165f3       0x55 cmake/stm32cubemx/CMakeFiles/STM32_Drivers.dir/__/__/Src/system_stm32f3xx.c.obj
 .debug_macro   0x00016648      0x8f8 cmake/stm32cubemx/CMakeFiles/STM32_Drivers.dir/__/__/Src/system_stm32f3xx.c.obj
 .debug_macro   0x00016f40      0x304 cmake/stm32cubemx/CMakeFiles/STM32_Drivers.dir/__/__/Src/system_stm32f3xx.c.obj
 .debug_macro   0x00017244      0x1b5 cmake/stm32cubemx/CMakeFiles/STM32_Drivers.dir/__/__/Src/system_stm32f3xx.c.obj
 .debug_macro   0x000173f9      0x11b cmake/stm32cubemx/CMakeFiles/STM32_Drivers.dir/__/__/Src/system_stm32f3xx.c.obj
 .debug_macro   0x00017514      0x1d5 cmake/stm32cubemx/CMakeFiles/STM32_Drivers.dir/__/__/Src/system_stm32f3xx.c.obj
 .debug_macro   0x000176e9      0x1bc cmake/stm32cubemx/CMakeFiles/STM32_Drivers.dir/__/__/Src/system_stm32f3xx.c.obj
 .debug_macro   0x000178a5       0x34 cmake/stm32cubemx/CMakeFiles/STM32_Drivers.dir/__/__/Src/system_stm32f3xx.c.obj
 .debug_macro   0x000178d9       0x3c cmake/stm32cubemx/CMakeFiles/STM32_Drivers.dir/__/__/Src/system_stm32f3xx.c.obj
 .debug_macro   0x00017915       0x57 cmake/stm32cubemx/CMakeFiles/STM32_Drivers.dir/__/__/Src/system_stm32f3xx.c.obj
 .debug_macro   0x0001796c       0xc5 cmake/stm32cubemx/CMakeFiles/STM32_Drivers.dir/__/__/Src/system_stm32f3xx.c.obj
 .debug_macro   0x00017a31      0x19f cmake/stm32cubemx/CMakeFiles/STM32_Drivers.dir/__/__/Src/system_stm32f3xx.c.obj
 .debug_macro   0x00017bd0      0x22c cmake/stm32cubemx/CMakeFiles/STM32_Drivers.dir/__/__/Src/system_stm32f3xx.c.obj
 .debug_macro   0x00017dfc       0x5b cmake/stm32cubemx/CMakeFiles/STM32_Drivers.dir/__/__/Src/system_stm32f3xx.c.obj
 .debug_macro   0x00017e57       0xa5 cmake/stm32cubemx/CMakeFiles/STM32_Drivers.dir/__/__/Src/system_stm32f3xx.c.obj
 .debug_macro   0x00017efc       0x81 cmake/stm32cubemx/CMakeFiles/STM32_Drivers.dir/__/__/Src/system_stm32f3xx.c.obj
 .debug_macro   0x00017f7d       0xd3 cmake/stm32cubemx/CMakeFiles/STM32_Drivers.dir/__/__/Src/system_stm32f3xx.c.obj
 .debug_macro   0x00018050      0x5ba cmake/stm32cubemx/CMakeFiles/STM32_Drivers.dir/__/__/Src/system_stm32f3xx.c.obj
 .debug_macro   0x0001860a       0x44 cmake/stm32cubemx/CMakeFiles/STM32_Drivers.dir/__/__/Src/system_stm32f3xx.c.obj
 .debug_macro   0x0001864e      0x285 cmake/stm32cubemx/CMakeFiles/STM32_Drivers.dir/__/__/Src/system_stm32f3xx.c.obj
 .debug_macro   0x000188d3      0x1ce cmake/stm32cubemx/CMakeFiles/STM32_Drivers.dir/__/__/Drivers/STM32F3xx_HAL_Driver/Src/stm32f3xx_hal_uart.c.obj
 .debug_macro   0x00018aa1      0x1d5 cmake/stm32cubemx/CMakeFiles/STM32_Drivers.dir/__/__/Drivers/STM32F3xx_HAL_Driver/Src/stm32f3xx_hal.c.obj
 .debug_macro   0x00018c76      0x1d5 cmake/stm32cubemx/CMakeFiles/STM32_Drivers.dir/__/__/Drivers/STM32F3xx_HAL_Driver/Src/stm32f3xx_hal_rcc.c.obj
 .debug_macro   0x00018e4b      0x1b1 cmake/stm32cubemx/CMakeFiles/STM32_Drivers.dir/__/__/Drivers/STM32F3xx_HAL_Driver/Src/stm32f3xx_hal_rcc_ex.c.obj
 .debug_macro   0x00018ffc      0x1b8 cmake/stm32cubemx/CMakeFiles/STM32_Drivers.dir/__/__/Drivers/STM32F3xx_HAL_Driver/Src/stm32f3xx_hal_gpio.c.obj
 .debug_macro   0x000191b4      0x1b1 cmake/stm32cubemx/CMakeFiles/STM32_Drivers.dir/__/__/Drivers/STM32F3xx_HAL_Driver/Src/stm32f3xx_hal_cortex.c.obj
 .debug_macro   0x00019365      0x1dc CMakeFiles/WET.dir/Src/main.c.obj
 .debug_macro   0x00019541       0x40 CMakeFiles/WET.dir/Src/main.c.obj
 .debug_macro   0x00019581      0x1ca CMakeFiles/WET.dir/Src/gpio.c.obj
 .debug_macro   0x0001974b      0x1ca CMakeFiles/WET.dir/Src/usart.c.obj
 .debug_macro   0x00019915      0x1ca CMakeFiles/WET.dir/Src/stm32f3xx_it.c.obj
 .debug_macro   0x00019adf      0x1c0 CMakeFiles/WET.dir/Src/stm32f3xx_hal_msp.c.obj
 .debug_macro   0x00019c9f      0x1d7 CMakeFiles/WET.dir/Src/app.cpp.obj
 .debug_macro   0x00019e76      0xc16 CMakeFiles/WET.dir/Src/app.cpp.obj
 .debug_macro   0x0001aa8c       0x1c CMakeFiles/WET.dir/Src/app.cpp.obj
 .debug_macro   0x0001aaa8      0xf07 CMakeFiles/WET.dir/Src/app.cpp.obj
 .debug_macro   0x0001b9af      0x197 CMakeFiles/WET.dir/Src/app.cpp.obj
 .debug_macro   0x0001bb46      0x332 CMakeFiles/WET.dir/Src/serial.cpp.obj
 .debug_macro   0x0001be78      0x1f2 CMakeFiles/WET.dir/Src/serial.cpp.obj
 .debug_macro   0x0001c06a       0x10 CMakeFiles/WET.dir/Src/serial.cpp.obj
 .debug_macro   0x0001c07a       0xc8 CMakeFiles/WET.dir/Src/serial.cpp.obj
 .debug_macro   0x0001c142      0x103 CMakeFiles/WET.dir/Src/serial.cpp.obj
 .debug_macro   0x0001c245      0x361 CMakeFiles/WET.dir/Src/serial.cpp.obj
 .debug_macro   0x0001c5a6       0x10 CMakeFiles/WET.dir/Src/serial.cpp.obj
 .debug_macro   0x0001c5b6       0x7b CMakeFiles/WET.dir/Src/serial.cpp.obj
 .debug_macro   0x0001c631       0x34 CMakeFiles/WET.dir/Src/serial.cpp.obj
 .debug_macro   0x0001c665       0x3c CMakeFiles/WET.dir/Src/serial.cpp.obj
 .debug_macro   0x0001c6a1      0x38c CMakeFiles/WET.dir/Src/serial.cpp.obj
 .debug_macro   0x0001ca2d       0x4a CMakeFiles/WET.dir/Src/serial.cpp.obj
 .debug_macro   0x0001ca77       0x1c CMakeFiles/WET.dir/Src/serial.cpp.obj
 .debug_macro   0x0001ca93       0xde CMakeFiles/WET.dir/Src/serial.cpp.obj
 .debug_macro   0x0001cb71       0x16 CMakeFiles/WET.dir/Src/serial.cpp.obj
 .debug_macro   0x0001cb87       0x8e CMakeFiles/WET.dir/Src/serial.cpp.obj
 .debug_macro   0x0001cc15       0x58 CMakeFiles/WET.dir/Src/serial.cpp.obj

.debug_line     0x00000000     0xa1e2
 .debug_line    0x00000000      0x6c2 cmake/stm32cubemx/CMakeFiles/STM32_Drivers.dir/__/__/Src/system_stm32f3xx.c.obj
 .debug_line    0x000006c2     0x2aed cmake/stm32cubemx/CMakeFiles/STM32_Drivers.dir/__/__/Drivers/STM32F3xx_HAL_Driver/Src/stm32f3xx_hal_uart.c.obj
 .debug_line    0x000031af      0x903 cmake/stm32cubemx/CMakeFiles/STM32_Drivers.dir/__/__/Drivers/STM32F3xx_HAL_Driver/Src/stm32f3xx_hal.c.obj
 .debug_line    0x00003ab2     0x1462 cmake/stm32cubemx/CMakeFiles/STM32_Drivers.dir/__/__/Drivers/STM32F3xx_HAL_Driver/Src/stm32f3xx_hal_rcc.c.obj
 .debug_line    0x00004f14      0x9c3 cmake/stm32cubemx/CMakeFiles/STM32_Drivers.dir/__/__/Drivers/STM32F3xx_HAL_Driver/Src/stm32f3xx_hal_rcc_ex.c.obj
 .debug_line    0x000058d7      0xa3a cmake/stm32cubemx/CMakeFiles/STM32_Drivers.dir/__/__/Drivers/STM32F3xx_HAL_Driver/Src/stm32f3xx_hal_gpio.c.obj
 .debug_line    0x00006311      0xac7 cmake/stm32cubemx/CMakeFiles/STM32_Drivers.dir/__/__/Drivers/STM32F3xx_HAL_Driver/Src/stm32f3xx_hal_cortex.c.obj
 .debug_line    0x00006dd8      0x6e5 CMakeFiles/WET.dir/Src/main.c.obj
 .debug_line    0x000074bd      0x645 CMakeFiles/WET.dir/Src/gpio.c.obj
 .debug_line    0x00007b02      0x730 CMakeFiles/WET.dir/Src/usart.c.obj
 .debug_line    0x00008232      0x6f7 CMakeFiles/WET.dir/Src/stm32f3xx_it.c.obj
 .debug_line    0x00008929      0x648 CMakeFiles/WET.dir/Src/stm32f3xx_hal_msp.c.obj
 .debug_line    0x00008f71       0x7a CMakeFiles/WET.dir/startup_stm32f303x8.s.obj
 .debug_line    0x00008feb      0x66a CMakeFiles/WET.dir/Src/app.cpp.obj
 .debug_line    0x00009655      0xb8d CMakeFiles/WET.dir/Src/serial.cpp.obj

.debug_str      0x00000000    0x9d023
 .debug_str     0x00000000    0x9d023 cmake/stm32cubemx/CMakeFiles/STM32_Drivers.dir/__/__/Src/system_stm32f3xx.c.obj
                              0x95111 (size before relaxing)
 .debug_str     0x0009d023    0x95e39 cmake/stm32cubemx/CMakeFiles/STM32_Drivers.dir/__/__/Drivers/STM32F3xx_HAL_Driver/Src/stm32f3xx_hal_uart.c.obj
 .debug_str     0x0009d023    0x95806 cmake/stm32cubemx/CMakeFiles/STM32_Drivers.dir/__/__/Drivers/STM32F3xx_HAL_Driver/Src/stm32f3xx_hal.c.obj
 .debug_str     0x0009d023    0x955b6 cmake/stm32cubemx/CMakeFiles/STM32_Drivers.dir/__/__/Drivers/STM32F3xx_HAL_Driver/Src/stm32f3xx_hal_rcc.c.obj
 .debug_str     0x0009d023    0x952b5 cmake/stm32cubemx/CMakeFiles/STM32_Drivers.dir/__/__/Drivers/STM32F3xx_HAL_Driver/Src/stm32f3xx_hal_rcc_ex.c.obj
 .debug_str     0x0009d023    0x952f5 cmake/stm32cubemx/CMakeFiles/STM32_Drivers.dir/__/__/Drivers/STM32F3xx_HAL_Driver/Src/stm32f3xx_hal_gpio.c.obj
 .debug_str     0x0009d023    0x9572b cmake/stm32cubemx/CMakeFiles/STM32_Drivers.dir/__/__/Drivers/STM32F3xx_HAL_Driver/Src/stm32f3xx_hal_cortex.c.obj
 .debug_str     0x0009d023    0x95370 CMakeFiles/WET.dir/Src/main.c.obj
 .debug_str     0x0009d023    0x9512d CMakeFiles/WET.dir/Src/gpio.c.obj
 .debug_str     0x0009d023    0x9569b CMakeFiles/WET.dir/Src/usart.c.obj
 .debug_str     0x0009d023    0x9515c CMakeFiles/WET.dir/Src/stm32f3xx_it.c.obj
 .debug_str     0x0009d023    0x9512d CMakeFiles/WET.dir/Src/stm32f3xx_hal_msp.c.obj
 .debug_str     0x0009d023       0xa8 CMakeFiles/WET.dir/startup_stm32f303x8.s.obj
 .debug_str     0x0009d023    0x957a6 CMakeFiles/WET.dir/Src/app.cpp.obj
 .debug_str     0x0009d023    0x9b340 CMakeFiles/WET.dir/Src/serial.cpp.obj

.debug_frame    0x00000000     0x19b8
 .debug_frame   0x00000000       0x58 cmake/stm32cubemx/CMakeFiles/STM32_Drivers.dir/__/__/Src/system_stm32f3xx.c.obj
 .debug_frame   0x00000058      0x9e8 cmake/stm32cubemx/CMakeFiles/STM32_Drivers.dir/__/__/Drivers/STM32F3xx_HAL_Driver/Src/stm32f3xx_hal_uart.c.obj
 .debug_frame   0x00000a40      0x334 cmake/stm32cubemx/CMakeFiles/STM32_Drivers.dir/__/__/Drivers/STM32F3xx_HAL_Driver/Src/stm32f3xx_hal.c.obj
 .debug_frame   0x00000d74      0x214 cmake/stm32cubemx/CMakeFiles/STM32_Drivers.dir/__/__/Drivers/STM32F3xx_HAL_Driver/Src/stm32f3xx_hal_rcc.c.obj
 .debug_frame   0x00000f88       0xac cmake/stm32cubemx/CMakeFiles/STM32_Drivers.dir/__/__/Drivers/STM32F3xx_HAL_Driver/Src/stm32f3xx_hal_rcc_ex.c.obj
 .debug_frame   0x00001034      0x14c cmake/stm32cubemx/CMakeFiles/STM32_Drivers.dir/__/__/Drivers/STM32F3xx_HAL_Driver/Src/stm32f3xx_hal_gpio.c.obj
 .debug_frame   0x00001180      0x428 cmake/stm32cubemx/CMakeFiles/STM32_Drivers.dir/__/__/Drivers/STM32F3xx_HAL_Driver/Src/stm32f3xx_hal_cortex.c.obj
 .debug_frame   0x000015a8       0x68 CMakeFiles/WET.dir/Src/main.c.obj
 .debug_frame   0x00001610       0x38 CMakeFiles/WET.dir/Src/gpio.c.obj
 .debug_frame   0x00001648       0x90 CMakeFiles/WET.dir/Src/usart.c.obj
 .debug_frame   0x000016d8      0x104 CMakeFiles/WET.dir/Src/stm32f3xx_it.c.obj
 .debug_frame   0x000017dc       0x38 CMakeFiles/WET.dir/Src/stm32f3xx_hal_msp.c.obj
 .debug_frame   0x00001814       0x30 CMakeFiles/WET.dir/Src/app.cpp.obj
 .debug_frame   0x00001844      0x128 CMakeFiles/WET.dir/Src/serial.cpp.obj
 .debug_frame   0x0000196c       0x20 C:/PROGRA~2/Arm GNU Toolchain arm-none-eabi/13.2 Rel1/bin/../lib/gcc/arm-none-eabi/13.2.1/thumb/v7e-m+fp/hard\libc_nano.a(libc_a-memset.o)
 .debug_frame   0x0000198c       0x2c C:/PROGRA~2/Arm GNU Toolchain arm-none-eabi/13.2 Rel1/bin/../lib/gcc/arm-none-eabi/13.2.1/thumb/v7e-m+fp/hard\libc_nano.a(libc_a-init.o)

.debug_line_str
                0x00000000      0x177
 .debug_line_str
                0x00000000      0x177 CMakeFiles/WET.dir/startup_stm32f303x8.s.obj
                                 0x8c (size before relaxing)
 .debug_line_str
                0x00000177       0xeb C:/PROGRA~2/Arm GNU Toolchain arm-none-eabi/13.2 Rel1/bin/../lib/gcc/arm-none-eabi/13.2.1/thumb/v7e-m+fp/hard\libc_nano.a(libc_a-strlen.o)
